// Jest Snapshot v1, https://goo.gl/fbAQLP

exports[`StatCard renders successfully 1`] = `
<div
  class="bg-base-200 rounded-lg p-4 shadow-md relative overflow-hidden undefined"
  data-testid="stat-card"
>
  <div
    class="absolute h-full border-l-4 left-0 top-0 border-neutral"
  />
  <div
    class="opacity-50"
    data-testid="stat-card-title"
  >
    Total
  </div>
  <div
    class="text-xl font-extrabold"
    data-testid="stat-card-number"
  >
    999
  </div>
  <div
    class="text-neutral text-sm"
    data-testid="stat-card-children"
  >
    description
  </div>
</div>
`;
